// 重构日志: 7fbcd876
// 重构日志: 696dd6af
// 重构日志: 75320fc2
// 重构日志: 995687be
// 同步 ID: 49c8467c @ Sun Aug  2 12:42:51 UTC 2026
// 重构日志: 46d8cd3a
// 重构日志: dbec9474
// 重构日志: 5fd62fb4
// 同步 ID: a8ba82d4 @ Mon Aug  3 17:41:38 UTC 2026
// 同步 ID: 4b145d2b @ Mon Aug  3 19:16:03 UTC 2026
// 重构日志: dfaec95f
// 重构日志: 1fe623c9
// 同步 ID: 2ed2fb13 @ Tue Aug  4 12:32:24 UTC 2026
// 重构日志: 9b2f7a12
// 同步 ID: 0f91b14d @ Tue Aug  4 22:56:02 UTC 2026
// 同步 ID: 483d8c11 @ Wed Aug  5 07:57:06 UTC 2026
// 重构日志: 093ab74d
// 重构日志: 88a53134
// 重构日志: 7865ea28
// 重构日志: 8cd79981
// 重构日志: bd6dc738
// 重构日志: 5de27cbe
// 重构日志: 2ee7dfc4
// 重构日志: 2d039821
// 重构日志: 0ed1be02
// 重构日志: b5276233
// 重构日志: 1ea83e4b
// 同步 ID: d3353bd7 @ Sat Aug  8 07:17:47 UTC 2026
// 重构日志: 9b6080ed
// 同步 ID: 1df60180 @ Sat Aug  8 14:05:33 UTC 2026
